Archive member included to satisfy reference by file (symbol)

/Applications/ti/ccs910/ccs/tools/compiler/msp430-gcc-8.2.0.52_macos/bin/../lib/gcc/msp430-elf/8.2.0/430/libgcc.a(_fixunsdfsi.o)
                              ./FSM.o (__mspabi_fixdul)
/Applications/ti/ccs910/ccs/tools/compiler/msp430-gcc-8.2.0.52_macos/bin/../lib/gcc/msp430-elf/8.2.0/430/libgcc.a(_addsub_df.o)
                              /Applications/ti/ccs910/ccs/tools/compiler/msp430-gcc-8.2.0.52_macos/bin/../lib/gcc/msp430-elf/8.2.0/430/libgcc.a(_fixunsdfsi.o) (__mspabi_subd)
/Applications/ti/ccs910/ccs/tools/compiler/msp430-gcc-8.2.0.52_macos/bin/../lib/gcc/msp430-elf/8.2.0/430/libgcc.a(_mul_df.o)
                              ./FSM.o (__mspabi_mpyd)
/Applications/ti/ccs910/ccs/tools/compiler/msp430-gcc-8.2.0.52_macos/bin/../lib/gcc/msp430-elf/8.2.0/430/libgcc.a(_div_df.o)
                              ./FSM.o (__mspabi_divd)
/Applications/ti/ccs910/ccs/tools/compiler/msp430-gcc-8.2.0.52_macos/bin/../lib/gcc/msp430-elf/8.2.0/430/libgcc.a(_ge_df.o)
                              /Applications/ti/ccs910/ccs/tools/compiler/msp430-gcc-8.2.0.52_macos/bin/../lib/gcc/msp430-elf/8.2.0/430/libgcc.a(_fixunsdfsi.o) (__gedf2)
/Applications/ti/ccs910/ccs/tools/compiler/msp430-gcc-8.2.0.52_macos/bin/../lib/gcc/msp430-elf/8.2.0/430/libgcc.a(_si_to_df.o)
                              ./FSM.o (__mspabi_fltlid)
/Applications/ti/ccs910/ccs/tools/compiler/msp430-gcc-8.2.0.52_macos/bin/../lib/gcc/msp430-elf/8.2.0/430/libgcc.a(_df_to_si.o)
                              /Applications/ti/ccs910/ccs/tools/compiler/msp430-gcc-8.2.0.52_macos/bin/../lib/gcc/msp430-elf/8.2.0/430/libgcc.a(_fixunsdfsi.o) (__mspabi_fixdli)
/Applications/ti/ccs910/ccs/tools/compiler/msp430-gcc-8.2.0.52_macos/bin/../lib/gcc/msp430-elf/8.2.0/430/libgcc.a(_thenan_df.o)
                              /Applications/ti/ccs910/ccs/tools/compiler/msp430-gcc-8.2.0.52_macos/bin/../lib/gcc/msp430-elf/8.2.0/430/libgcc.a(_addsub_df.o) (__thenan_df)
/Applications/ti/ccs910/ccs/tools/compiler/msp430-gcc-8.2.0.52_macos/bin/../lib/gcc/msp430-elf/8.2.0/430/libgcc.a(_usi_to_df.o)
                              ./FSM.o (__mspabi_fltuld)
/Applications/ti/ccs910/ccs/tools/compiler/msp430-gcc-8.2.0.52_macos/bin/../lib/gcc/msp430-elf/8.2.0/430/libgcc.a(lib2divHI.o)
                              ./main.o (__mspabi_divu)
/Applications/ti/ccs910/ccs/tools/compiler/msp430-gcc-8.2.0.52_macos/bin/../lib/gcc/msp430-elf/8.2.0/430/libgcc.a(epilogue.o)
                              ./FSM.o (__mspabi_func_epilog_7)
/Applications/ti/ccs910/ccs/tools/compiler/msp430-gcc-8.2.0.52_macos/bin/../lib/gcc/msp430-elf/8.2.0/430/libgcc.a(slli.o)
                              /Applications/ti/ccs910/ccs/tools/compiler/msp430-gcc-8.2.0.52_macos/bin/../lib/gcc/msp430-elf/8.2.0/430/libgcc.a(_addsub_df.o) (__mspabi_sllll)
/Applications/ti/ccs910/ccs/tools/compiler/msp430-gcc-8.2.0.52_macos/bin/../lib/gcc/msp430-elf/8.2.0/430/libgcc.a(srli.o)
                              /Applications/ti/ccs910/ccs/tools/compiler/msp430-gcc-8.2.0.52_macos/bin/../lib/gcc/msp430-elf/8.2.0/430/libgcc.a(_mul_df.o) (__mspabi_srli)
/Applications/ti/ccs910/ccs/tools/compiler/msp430-gcc-8.2.0.52_macos/bin/../lib/gcc/msp430-elf/8.2.0/430/libgcc.a(_clzsi2.o)
                              /Applications/ti/ccs910/ccs/tools/compiler/msp430-gcc-8.2.0.52_macos/bin/../lib/gcc/msp430-elf/8.2.0/430/libgcc.a(_si_to_df.o) (__clzsi2)
/Applications/ti/ccs910/ccs/tools/compiler/msp430-gcc-8.2.0.52_macos/bin/../lib/gcc/msp430-elf/8.2.0/430/libgcc.a(_pack_df.o)
                              /Applications/ti/ccs910/ccs/tools/compiler/msp430-gcc-8.2.0.52_macos/bin/../lib/gcc/msp430-elf/8.2.0/430/libgcc.a(_addsub_df.o) (__pack_d)
/Applications/ti/ccs910/ccs/tools/compiler/msp430-gcc-8.2.0.52_macos/bin/../lib/gcc/msp430-elf/8.2.0/430/libgcc.a(_unpack_df.o)
                              /Applications/ti/ccs910/ccs/tools/compiler/msp430-gcc-8.2.0.52_macos/bin/../lib/gcc/msp430-elf/8.2.0/430/libgcc.a(_addsub_df.o) (__unpack_d)
/Applications/ti/ccs910/ccs/tools/compiler/msp430-gcc-8.2.0.52_macos/bin/../lib/gcc/msp430-elf/8.2.0/430/libgcc.a(_fpcmp_parts_df.o)
                              /Applications/ti/ccs910/ccs/tools/compiler/msp430-gcc-8.2.0.52_macos/bin/../lib/gcc/msp430-elf/8.2.0/430/libgcc.a(_ge_df.o) (__fpcmp_parts_d)
/Applications/ti/ccs910/ccs/tools/compiler/msp430-gcc-8.2.0.52_macos/bin/../lib/gcc/msp430-elf/8.2.0/430/libgcc.a(_clz.o)
                              /Applications/ti/ccs910/ccs/tools/compiler/msp430-gcc-8.2.0.52_macos/bin/../lib/gcc/msp430-elf/8.2.0/430/libgcc.a(_clzsi2.o) (__clz_tab)
/Applications/ti/ccs910/ccs/tools/compiler/msp430-gcc-8.2.0.52_macos/bin/../lib/gcc/msp430-elf/8.2.0/../../../../msp430-elf/lib/430/libc.a(lib_a-memcpy.o)
                              /Applications/ti/ccs910/ccs/tools/compiler/msp430-gcc-8.2.0.52_macos/bin/../lib/gcc/msp430-elf/8.2.0/430/libgcc.a(_addsub_df.o) (memcpy)
/Applications/ti/ccs910/ccs/tools/compiler/msp430-gcc-8.2.0.52_macos/bin/../lib/gcc/msp430-elf/8.2.0/../../../../msp430-elf/lib/430/libcrt.a(crt_bss.o)
                              ./main.o (__crt0_init_bss)
/Applications/ti/ccs910/ccs/tools/compiler/msp430-gcc-8.2.0.52_macos/bin/../lib/gcc/msp430-elf/8.2.0/../../../../msp430-elf/lib/430/libcrt.a(crt_movedata.o)
                              ./main.o (__crt0_movedata)
/Applications/ti/ccs910/ccs/tools/compiler/msp430-gcc-8.2.0.52_macos/bin/../lib/gcc/msp430-elf/8.2.0/../../../../msp430-elf/lib/430/libcrt.a(crt_main.o)
                              /Applications/ti/ccs910/ccs/tools/compiler/msp430-gcc-8.2.0.52_macos/bin/../lib/gcc/msp430-elf/8.2.0/../../../../msp430-elf/lib/430/crt0.o (__crt0_call_init_then_main)
/Applications/ti/ccs910/ccs/tools/compiler/msp430-gcc-8.2.0.52_macos/bin/../lib/gcc/msp430-elf/8.2.0/../../../../msp430-elf/lib/430/libc.a(lib_a-memmove.o)
                              /Applications/ti/ccs910/ccs/tools/compiler/msp430-gcc-8.2.0.52_macos/bin/../lib/gcc/msp430-elf/8.2.0/../../../../msp430-elf/lib/430/libcrt.a(crt_movedata.o) (memmove)
/Applications/ti/ccs910/ccs/tools/compiler/msp430-gcc-8.2.0.52_macos/bin/../lib/gcc/msp430-elf/8.2.0/../../../../msp430-elf/lib/430/libc.a(lib_a-memset.o)
                              /Applications/ti/ccs910/ccs/tools/compiler/msp430-gcc-8.2.0.52_macos/bin/../lib/gcc/msp430-elf/8.2.0/../../../../msp430-elf/lib/430/libcrt.a(crt_bss.o) (memset)

Allocating common symbols
Common symbol       size              file

RotaryEncoderStateCount
                    0x2               ./main.o
adc                 0x2               ./main.o
g1msTimer           0x2               ./main.o

Discarded input sections

 .data          0x0000000000000000        0x0 /Applications/ti/ccs910/ccs/tools/compiler/msp430-gcc-8.2.0.52_macos/bin/../lib/gcc/msp430-elf/8.2.0/../../../../msp430-elf/lib/430/crt0.o
 .bss           0x0000000000000000        0x0 /Applications/ti/ccs910/ccs/tools/compiler/msp430-gcc-8.2.0.52_macos/bin/../lib/gcc/msp430-elf/8.2.0/../../../../msp430-elf/lib/430/crt0.o
 .text          0x0000000000000000        0x0 /Applications/ti/ccs910/ccs/tools/compiler/msp430-gcc-8.2.0.52_macos/bin/../lib/gcc/msp430-elf/8.2.0/430/crtbegin_no_eh.o
 .data          0x0000000000000000        0x0 /Applications/ti/ccs910/ccs/tools/compiler/msp430-gcc-8.2.0.52_macos/bin/../lib/gcc/msp430-elf/8.2.0/430/crtbegin_no_eh.o
 .bss           0x0000000000000000        0x0 /Applications/ti/ccs910/ccs/tools/compiler/msp430-gcc-8.2.0.52_macos/bin/../lib/gcc/msp430-elf/8.2.0/430/crtbegin_no_eh.o
 .data          0x0000000000000000        0x0 ./FSM.o
 .bss           0x0000000000000000        0x0 ./FSM.o
 .data          0x0000000000000000        0x0 ./LED.o
 .bss           0x0000000000000000        0x0 ./LED.o
 .data          0x0000000000000000        0x0 ./debounce.o
 .bss           0x0000000000000000        0x0 ./debounce.o
 .bss           0x0000000000000000        0x0 ./main.o
 .data          0x0000000000000000        0x0 ./rotaryencoder.o
 .bss           0x0000000000000000        0x0 ./rotaryencoder.o
 .data          0x0000000000000000        0x0 ./timerA.o
 .bss           0x0000000000000000        0x0 ./timerA.o
 .text          0x0000000000000000        0x0 /Applications/ti/ccs910/ccs/tools/compiler/msp430-gcc-8.2.0.52_macos/bin/../lib/gcc/msp430-elf/8.2.0/430/libgcc.a(_fixunsdfsi.o)
 .data          0x0000000000000000        0x0 /Applications/ti/ccs910/ccs/tools/compiler/msp430-gcc-8.2.0.52_macos/bin/../lib/gcc/msp430-elf/8.2.0/430/libgcc.a(_fixunsdfsi.o)
 .bss           0x0000000000000000        0x0 /Applications/ti/ccs910/ccs/tools/compiler/msp430-gcc-8.2.0.52_macos/bin/../lib/gcc/msp430-elf/8.2.0/430/libgcc.a(_fixunsdfsi.o)
 .text          0x0000000000000000        0x0 /Applications/ti/ccs910/ccs/tools/compiler/msp430-gcc-8.2.0.52_macos/bin/../lib/gcc/msp430-elf/8.2.0/430/libgcc.a(_addsub_df.o)
 .data          0x0000000000000000        0x0 /Applications/ti/ccs910/ccs/tools/compiler/msp430-gcc-8.2.0.52_macos/bin/../lib/gcc/msp430-elf/8.2.0/430/libgcc.a(_addsub_df.o)
 .bss           0x0000000000000000        0x0 /Applications/ti/ccs910/ccs/tools/compiler/msp430-gcc-8.2.0.52_macos/bin/../lib/gcc/msp430-elf/8.2.0/430/libgcc.a(_addsub_df.o)
 .text.__adddf3
                0x0000000000000000       0x66 /Applications/ti/ccs910/ccs/tools/compiler/msp430-gcc-8.2.0.52_macos/bin/../lib/gcc/msp430-elf/8.2.0/430/libgcc.a(_addsub_df.o)
 .text          0x0000000000000000        0x0 /Applications/ti/ccs910/ccs/tools/compiler/msp430-gcc-8.2.0.52_macos/bin/../lib/gcc/msp430-elf/8.2.0/430/libgcc.a(_mul_df.o)
 .data          0x0000000000000000        0x0 /Applications/ti/ccs910/ccs/tools/compiler/msp430-gcc-8.2.0.52_macos/bin/../lib/gcc/msp430-elf/8.2.0/430/libgcc.a(_mul_df.o)
 .bss           0x0000000000000000        0x0 /Applications/ti/ccs910/ccs/tools/compiler/msp430-gcc-8.2.0.52_macos/bin/../lib/gcc/msp430-elf/8.2.0/430/libgcc.a(_mul_df.o)
 .text          0x0000000000000000        0x0 /Applications/ti/ccs910/ccs/tools/compiler/msp430-gcc-8.2.0.52_macos/bin/../lib/gcc/msp430-elf/8.2.0/430/libgcc.a(_div_df.o)
 .data          0x0000000000000000        0x0 /Applications/ti/ccs910/ccs/tools/compiler/msp430-gcc-8.2.0.52_macos/bin/../lib/gcc/msp430-elf/8.2.0/430/libgcc.a(_div_df.o)
 .bss           0x0000000000000000        0x0 /Applications/ti/ccs910/ccs/tools/compiler/msp430-gcc-8.2.0.52_macos/bin/../lib/gcc/msp430-elf/8.2.0/430/libgcc.a(_div_df.o)
 .text          0x0000000000000000        0x0 /Applications/ti/ccs910/ccs/tools/compiler/msp430-gcc-8.2.0.52_macos/bin/../lib/gcc/msp430-elf/8.2.0/430/libgcc.a(_ge_df.o)
 .data          0x0000000000000000        0x0 /Applications/ti/ccs910/ccs/tools/compiler/msp430-gcc-8.2.0.52_macos/bin/../lib/gcc/msp430-elf/8.2.0/430/libgcc.a(_ge_df.o)
 .bss           0x0000000000000000        0x0 /Applications/ti/ccs910/ccs/tools/compiler/msp430-gcc-8.2.0.52_macos/bin/../lib/gcc/msp430-elf/8.2.0/430/libgcc.a(_ge_df.o)
 .text          0x0000000000000000        0x0 /Applications/ti/ccs910/ccs/tools/compiler/msp430-gcc-8.2.0.52_macos/bin/../lib/gcc/msp430-elf/8.2.0/430/libgcc.a(_si_to_df.o)
 .data          0x0000000000000000        0x0 /Applications/ti/ccs910/ccs/tools/compiler/msp430-gcc-8.2.0.52_macos/bin/../lib/gcc/msp430-elf/8.2.0/430/libgcc.a(_si_to_df.o)
 .bss           0x0000000000000000        0x0 /Applications/ti/ccs910/ccs/tools/compiler/msp430-gcc-8.2.0.52_macos/bin/../lib/gcc/msp430-elf/8.2.0/430/libgcc.a(_si_to_df.o)
 .text          0x0000000000000000        0x0 /Applications/ti/ccs910/ccs/tools/compiler/msp430-gcc-8.2.0.52_macos/bin/../lib/gcc/msp430-elf/8.2.0/430/libgcc.a(_df_to_si.o)
 .data          0x0000000000000000        0x0 /Applications/ti/ccs910/ccs/tools/compiler/msp430-gcc-8.2.0.52_macos/bin/../lib/gcc/msp430-elf/8.2.0/430/libgcc.a(_df_to_si.o)
 .bss           0x0000000000000000        0x0 /Applications/ti/ccs910/ccs/tools/compiler/msp430-gcc-8.2.0.52_macos/bin/../lib/gcc/msp430-elf/8.2.0/430/libgcc.a(_df_to_si.o)
 .text          0x0000000000000000        0x0 /Applications/ti/ccs910/ccs/tools/compiler/msp430-gcc-8.2.0.52_macos/bin/../lib/gcc/msp430-elf/8.2.0/430/libgcc.a(_thenan_df.o)
 .data          0x0000000000000000        0x0 /Applications/ti/ccs910/ccs/tools/compiler/msp430-gcc-8.2.0.52_macos/bin/../lib/gcc/msp430-elf/8.2.0/430/libgcc.a(_thenan_df.o)
 .bss           0x0000000000000000        0x0 /Applications/ti/ccs910/ccs/tools/compiler/msp430-gcc-8.2.0.52_macos/bin/../lib/gcc/msp430-elf/8.2.0/430/libgcc.a(_thenan_df.o)
 .text          0x0000000000000000        0x0 /Applications/ti/ccs910/ccs/tools/compiler/msp430-gcc-8.2.0.52_macos/bin/../lib/gcc/msp430-elf/8.2.0/430/libgcc.a(_usi_to_df.o)
 .data          0x0000000000000000        0x0 /Applications/ti/ccs910/ccs/tools/compiler/msp430-gcc-8.2.0.52_macos/bin/../lib/gcc/msp430-elf/8.2.0/430/libgcc.a(_usi_to_df.o)
 .bss           0x0000000000000000        0x0 /Applications/ti/ccs910/ccs/tools/compiler/msp430-gcc-8.2.0.52_macos/bin/../lib/gcc/msp430-elf/8.2.0/430/libgcc.a(_usi_to_df.o)
 .text          0x0000000000000000        0x0 /Applications/ti/ccs910/ccs/tools/compiler/msp430-gcc-8.2.0.52_macos/bin/../lib/gcc/msp430-elf/8.2.0/430/libgcc.a(lib2divHI.o)
 .data          0x0000000000000000        0x0 /Applications/ti/ccs910/ccs/tools/compiler/msp430-gcc-8.2.0.52_macos/bin/../lib/gcc/msp430-elf/8.2.0/430/libgcc.a(lib2divHI.o)
 .bss           0x0000000000000000        0x0 /Applications/ti/ccs910/ccs/tools/compiler/msp430-gcc-8.2.0.52_macos/bin/../lib/gcc/msp430-elf/8.2.0/430/libgcc.a(lib2divHI.o)
 .text.__divhi3
                0x0000000000000000       0x34 /Applications/ti/ccs910/ccs/tools/compiler/msp430-gcc-8.2.0.52_macos/bin/../lib/gcc/msp430-elf/8.2.0/430/libgcc.a(lib2divHI.o)
 .text.__modhi3
                0x0000000000000000       0x32 /Applications/ti/ccs910/ccs/tools/compiler/msp430-gcc-8.2.0.52_macos/bin/../lib/gcc/msp430-elf/8.2.0/430/libgcc.a(lib2divHI.o)
 .text.__umodhi3
                0x0000000000000000        0x8 /Applications/ti/ccs910/ccs/tools/compiler/msp430-gcc-8.2.0.52_macos/bin/../lib/gcc/msp430-elf/8.2.0/430/libgcc.a(lib2divHI.o)
 .data          0x0000000000000000        0x0 /Applications/ti/ccs910/ccs/tools/compiler/msp430-gcc-8.2.0.52_macos/bin/../lib/gcc/msp430-elf/8.2.0/430/libgcc.a(epilogue.o)
 .bss           0x0000000000000000        0x0 /Applications/ti/ccs910/ccs/tools/compiler/msp430-gcc-8.2.0.52_macos/bin/../lib/gcc/msp430-elf/8.2.0/430/libgcc.a(epilogue.o)
 .text          0x0000000000000000        0x0 /Applications/ti/ccs910/ccs/tools/compiler/msp430-gcc-8.2.0.52_macos/bin/../lib/gcc/msp430-elf/8.2.0/430/libgcc.a(slli.o)
 .data          0x0000000000000000        0x0 /Applications/ti/ccs910/ccs/tools/compiler/msp430-gcc-8.2.0.52_macos/bin/../lib/gcc/msp430-elf/8.2.0/430/libgcc.a(slli.o)
 .bss           0x0000000000000000        0x0 /Applications/ti/ccs910/ccs/tools/compiler/msp430-gcc-8.2.0.52_macos/bin/../lib/gcc/msp430-elf/8.2.0/430/libgcc.a(slli.o)
 .text.__mspabi_slli_n
                0x0000000000000000       0x20 /Applications/ti/ccs910/ccs/tools/compiler/msp430-gcc-8.2.0.52_macos/bin/../lib/gcc/msp430-elf/8.2.0/430/libgcc.a(slli.o)
 .text.__mspabi_slli
                0x0000000000000000        0xa /Applications/ti/ccs910/ccs/tools/compiler/msp430-gcc-8.2.0.52_macos/bin/../lib/gcc/msp430-elf/8.2.0/430/libgcc.a(slli.o)
 .text.__mspabi_slll_n
                0x0000000000000000       0x3e /Applications/ti/ccs910/ccs/tools/compiler/msp430-gcc-8.2.0.52_macos/bin/../lib/gcc/msp430-elf/8.2.0/430/libgcc.a(slli.o)
 .text.__mspabi_slll
                0x0000000000000000        0xc /Applications/ti/ccs910/ccs/tools/compiler/msp430-gcc-8.2.0.52_macos/bin/../lib/gcc/msp430-elf/8.2.0/430/libgcc.a(slli.o)
 .text          0x0000000000000000        0x0 /Applications/ti/ccs910/ccs/tools/compiler/msp430-gcc-8.2.0.52_macos/bin/../lib/gcc/msp430-elf/8.2.0/430/libgcc.a(srli.o)
 .data          0x0000000000000000        0x0 /Applications/ti/ccs910/ccs/tools/compiler/msp430-gcc-8.2.0.52_macos/bin/../lib/gcc/msp430-elf/8.2.0/430/libgcc.a(srli.o)
 .bss           0x0000000000000000        0x0 /Applications/ti/ccs910/ccs/tools/compiler/msp430-gcc-8.2.0.52_macos/bin/../lib/gcc/msp430-elf/8.2.0/430/libgcc.a(srli.o)
 .text.__mspabi_srli_n
                0x0000000000000000       0x3e /Applications/ti/ccs910/ccs/tools/compiler/msp430-gcc-8.2.0.52_macos/bin/../lib/gcc/msp430-elf/8.2.0/430/libgcc.a(srli.o)
 .text.__mspabi_srll_n
                0x0000000000000000       0x5c /Applications/ti/ccs910/ccs/tools/compiler/msp430-gcc-8.2.0.52_macos/bin/../lib/gcc/msp430-elf/8.2.0/430/libgcc.a(srli.o)
 .text          0x0000000000000000        0x0 /Applications/ti/ccs910/ccs/tools/compiler/msp430-gcc-8.2.0.52_macos/bin/../lib/gcc/msp430-elf/8.2.0/430/libgcc.a(_clzsi2.o)
 .data          0x0000000000000000        0x0 /Applications/ti/ccs910/ccs/tools/compiler/msp430-gcc-8.2.0.52_macos/bin/../lib/gcc/msp430-elf/8.2.0/430/libgcc.a(_clzsi2.o)
 .bss           0x0000000000000000        0x0 /Applications/ti/ccs910/ccs/tools/compiler/msp430-gcc-8.2.0.52_macos/bin/../lib/gcc/msp430-elf/8.2.0/430/libgcc.a(_clzsi2.o)
 .text          0x0000000000000000        0x0 /Applications/ti/ccs910/ccs/tools/compiler/msp430-gcc-8.2.0.52_macos/bin/../lib/gcc/msp430-elf/8.2.0/430/libgcc.a(_pack_df.o)
 .data          0x0000000000000000        0x0 /Applications/ti/ccs910/ccs/tools/compiler/msp430-gcc-8.2.0.52_macos/bin/../lib/gcc/msp430-elf/8.2.0/430/libgcc.a(_pack_df.o)
 .bss           0x0000000000000000        0x0 /Applications/ti/ccs910/ccs/tools/compiler/msp430-gcc-8.2.0.52_macos/bin/../lib/gcc/msp430-elf/8.2.0/430/libgcc.a(_pack_df.o)
 .text          0x0000000000000000        0x0 /Applications/ti/ccs910/ccs/tools/compiler/msp430-gcc-8.2.0.52_macos/bin/../lib/gcc/msp430-elf/8.2.0/430/libgcc.a(_unpack_df.o)
 .data          0x0000000000000000        0x0 /Applications/ti/ccs910/ccs/tools/compiler/msp430-gcc-8.2.0.52_macos/bin/../lib/gcc/msp430-elf/8.2.0/430/libgcc.a(_unpack_df.o)
 .bss           0x0000000000000000        0x0 /Applications/ti/ccs910/ccs/tools/compiler/msp430-gcc-8.2.0.52_macos/bin/../lib/gcc/msp430-elf/8.2.0/430/libgcc.a(_unpack_df.o)
 .text          0x0000000000000000        0x0 /Applications/ti/ccs910/ccs/tools/compiler/msp430-gcc-8.2.0.52_macos/bin/../lib/gcc/msp430-elf/8.2.0/430/libgcc.a(_fpcmp_parts_df.o)
 .data          0x0000000000000000        0x0 /Applications/ti/ccs910/ccs/tools/compiler/msp430-gcc-8.2.0.52_macos/bin/../lib/gcc/msp430-elf/8.2.0/430/libgcc.a(_fpcmp_parts_df.o)
 .bss           0x0000000000000000        0x0 /Applications/ti/ccs910/ccs/tools/compiler/msp430-gcc-8.2.0.52_macos/bin/../lib/gcc/msp430-elf/8.2.0/430/libgcc.a(_fpcmp_parts_df.o)
 .text          0x0000000000000000        0x0 /Applications/ti/ccs910/ccs/tools/compiler/msp430-gcc-8.2.0.52_macos/bin/../lib/gcc/msp430-elf/8.2.0/430/libgcc.a(_clz.o)
 .data          0x0000000000000000        0x0 /Applications/ti/ccs910/ccs/tools/compiler/msp430-gcc-8.2.0.52_macos/bin/../lib/gcc/msp430-elf/8.2.0/430/libgcc.a(_clz.o)
 .bss           0x0000000000000000        0x0 /Applications/ti/ccs910/ccs/tools/compiler/msp430-gcc-8.2.0.52_macos/bin/../lib/gcc/msp430-elf/8.2.0/430/libgcc.a(_clz.o)
 .text          0x0000000000000000        0x0 /Applications/ti/ccs910/ccs/tools/compiler/msp430-gcc-8.2.0.52_macos/bin/../lib/gcc/msp430-elf/8.2.0/../../../../msp430-elf/lib/430/libc.a(lib_a-memcpy.o)
 .data          0x0000000000000000        0x0 /Applications/ti/ccs910/ccs/tools/compiler/msp430-gcc-8.2.0.52_macos/bin/../lib/gcc/msp430-elf/8.2.0/../../../../msp430-elf/lib/430/libc.a(lib_a-memcpy.o)
 .bss           0x0000000000000000        0x0 /Applications/ti/ccs910/ccs/tools/compiler/msp430-gcc-8.2.0.52_macos/bin/../lib/gcc/msp430-elf/8.2.0/../../../../msp430-elf/lib/430/libc.a(lib_a-memcpy.o)
 .text          0x0000000000000000        0x0 /Applications/ti/ccs910/ccs/tools/compiler/msp430-gcc-8.2.0.52_macos/bin/../lib/gcc/msp430-elf/8.2.0/../../../../msp430-elf/lib/430/libcrt.a(crt_bss.o)
 .data          0x0000000000000000        0x0 /Applications/ti/ccs910/ccs/tools/compiler/msp430-gcc-8.2.0.52_macos/bin/../lib/gcc/msp430-elf/8.2.0/../../../../msp430-elf/lib/430/libcrt.a(crt_bss.o)
 .bss           0x0000000000000000        0x0 /Applications/ti/ccs910/ccs/tools/compiler/msp430-gcc-8.2.0.52_macos/bin/../lib/gcc/msp430-elf/8.2.0/../../../../msp430-elf/lib/430/libcrt.a(crt_bss.o)
 .text          0x0000000000000000        0x0 /Applications/ti/ccs910/ccs/tools/compiler/msp430-gcc-8.2.0.52_macos/bin/../lib/gcc/msp430-elf/8.2.0/../../../../msp430-elf/lib/430/libcrt.a(crt_movedata.o)
 .data          0x0000000000000000        0x0 /Applications/ti/ccs910/ccs/tools/compiler/msp430-gcc-8.2.0.52_macos/bin/../lib/gcc/msp430-elf/8.2.0/../../../../msp430-elf/lib/430/libcrt.a(crt_movedata.o)
 .bss           0x0000000000000000        0x0 /Applications/ti/ccs910/ccs/tools/compiler/msp430-gcc-8.2.0.52_macos/bin/../lib/gcc/msp430-elf/8.2.0/../../../../msp430-elf/lib/430/libcrt.a(crt_movedata.o)
 .text          0x0000000000000000        0x0 /Applications/ti/ccs910/ccs/tools/compiler/msp430-gcc-8.2.0.52_macos/bin/../lib/gcc/msp430-elf/8.2.0/../../../../msp430-elf/lib/430/libcrt.a(crt_main.o)
 .data          0x0000000000000000        0x0 /Applications/ti/ccs910/ccs/tools/compiler/msp430-gcc-8.2.0.52_macos/bin/../lib/gcc/msp430-elf/8.2.0/../../../../msp430-elf/lib/430/libcrt.a(crt_main.o)
 .bss           0x0000000000000000        0x0 /Applications/ti/ccs910/ccs/tools/compiler/msp430-gcc-8.2.0.52_macos/bin/../lib/gcc/msp430-elf/8.2.0/../../../../msp430-elf/lib/430/libcrt.a(crt_main.o)
 .text          0x0000000000000000        0x0 /Applications/ti/ccs910/ccs/tools/compiler/msp430-gcc-8.2.0.52_macos/bin/../lib/gcc/msp430-elf/8.2.0/../../../../msp430-elf/lib/430/libc.a(lib_a-memmove.o)
 .data          0x0000000000000000        0x0 /Applications/ti/ccs910/ccs/tools/compiler/msp430-gcc-8.2.0.52_macos/bin/../lib/gcc/msp430-elf/8.2.0/../../../../msp430-elf/lib/430/libc.a(lib_a-memmove.o)
 .bss           0x0000000000000000        0x0 /Applications/ti/ccs910/ccs/tools/compiler/msp430-gcc-8.2.0.52_macos/bin/../lib/gcc/msp430-elf/8.2.0/../../../../msp430-elf/lib/430/libc.a(lib_a-memmove.o)
 .text          0x0000000000000000        0x0 /Applications/ti/ccs910/ccs/tools/compiler/msp430-gcc-8.2.0.52_macos/bin/../lib/gcc/msp430-elf/8.2.0/../../../../msp430-elf/lib/430/libc.a(lib_a-memset.o)
 .data          0x0000000000000000        0x0 /Applications/ti/ccs910/ccs/tools/compiler/msp430-gcc-8.2.0.52_macos/bin/../lib/gcc/msp430-elf/8.2.0/../../../../msp430-elf/lib/430/libc.a(lib_a-memset.o)
 .bss           0x0000000000000000        0x0 /Applications/ti/ccs910/ccs/tools/compiler/msp430-gcc-8.2.0.52_macos/bin/../lib/gcc/msp430-elf/8.2.0/../../../../msp430-elf/lib/430/libc.a(lib_a-memset.o)
 .text          0x0000000000000000        0x0 /Applications/ti/ccs910/ccs/tools/compiler/msp430-gcc-8.2.0.52_macos/bin/../lib/gcc/msp430-elf/8.2.0/430/crtend_no_eh.o
 .data          0x0000000000000000        0x0 /Applications/ti/ccs910/ccs/tools/compiler/msp430-gcc-8.2.0.52_macos/bin/../lib/gcc/msp430-elf/8.2.0/430/crtend_no_eh.o
 .bss           0x0000000000000000        0x0 /Applications/ti/ccs910/ccs/tools/compiler/msp430-gcc-8.2.0.52_macos/bin/../lib/gcc/msp430-elf/8.2.0/430/crtend_no_eh.o
 .data          0x0000000000000000        0x0 /Applications/ti/ccs910/ccs/tools/compiler/msp430-gcc-8.2.0.52_macos/bin/../lib/gcc/msp430-elf/8.2.0/../../../../msp430-elf/lib/430/crtn.o
 .bss           0x0000000000000000        0x0 /Applications/ti/ccs910/ccs/tools/compiler/msp430-gcc-8.2.0.52_macos/bin/../lib/gcc/msp430-elf/8.2.0/../../../../msp430-elf/lib/430/crtn.o

Memory Configuration

Name             Origin             Length             Attributes
SFR              0x0000000000000000 0x0000000000000010
RAM              0x0000000000000200 0x0000000000000200
INFOMEM          0x0000000000001000 0x0000000000000100
INFOA            0x00000000000010c0 0x0000000000000040
INFOB            0x0000000000001080 0x0000000000000040
INFOC            0x0000000000001040 0x0000000000000040
INFOD            0x0000000000001000 0x0000000000000040
ROM              0x000000000000c000 0x0000000000003fde xr
BSLSIGNATURE     0x000000000000ffde 0x0000000000000002
VECT1            0x000000000000ffe0 0x0000000000000002
VECT2            0x000000000000ffe2 0x0000000000000002
VECT3            0x000000000000ffe4 0x0000000000000002
VECT4            0x000000000000ffe6 0x0000000000000002
VECT5            0x000000000000ffe8 0x0000000000000002
VECT6            0x000000000000ffea 0x0000000000000002
VECT7            0x000000000000ffec 0x0000000000000002
VECT8            0x000000000000ffee 0x0000000000000002
VECT9            0x000000000000fff0 0x0000000000000002
VECT10           0x000000000000fff2 0x0000000000000002
VECT11           0x000000000000fff4 0x0000000000000002
VECT12           0x000000000000fff6 0x0000000000000002
VECT13           0x000000000000fff8 0x0000000000000002
VECT14           0x000000000000fffa 0x0000000000000002
VECT15           0x000000000000fffc 0x0000000000000002
RESETVEC         0x000000000000fffe 0x0000000000000002
*default*        0x0000000000000000 0xffffffffffffffff

Linker script and memory map

LOAD /Applications/ti/ccs910/ccs/tools/compiler/msp430-gcc-8.2.0.52_macos/bin/../lib/gcc/msp430-elf/8.2.0/../../../../msp430-elf/lib/430/crt0.o
LOAD /Applications/ti/ccs910/ccs/tools/compiler/msp430-gcc-8.2.0.52_macos/bin/../lib/gcc/msp430-elf/8.2.0/430/crtbegin_no_eh.o
LOAD ./FSM.o
LOAD ./LED.o
LOAD ./debounce.o
LOAD ./main.o
LOAD ./rotaryencoder.o
LOAD ./timerA.o
START GROUP
LOAD /Applications/ti/ccs910/ccs/tools/compiler/msp430-gcc-8.2.0.52_macos/bin/../lib/gcc/msp430-elf/8.2.0/430/libgcc.a
LOAD /Applications/ti/ccs910/ccs/tools/compiler/msp430-gcc-8.2.0.52_macos/bin/../lib/gcc/msp430-elf/8.2.0/../../../../msp430-elf/lib/430/libc.a
END GROUP
LOAD /Applications/ti/ccs910/ccs/tools/compiler/msp430-gcc-8.2.0.52_macos/bin/../lib/gcc/msp430-elf/8.2.0/430/libgcc.a
START GROUP
LOAD /Applications/ti/ccs910/ccs/tools/compiler/msp430-gcc-8.2.0.52_macos/bin/../lib/gcc/msp430-elf/8.2.0/430/libmul_none.a
LOAD /Applications/ti/ccs910/ccs/tools/compiler/msp430-gcc-8.2.0.52_macos/bin/../lib/gcc/msp430-elf/8.2.0/../../../../msp430-elf/lib/430/libc.a
LOAD /Applications/ti/ccs910/ccs/tools/compiler/msp430-gcc-8.2.0.52_macos/bin/../lib/gcc/msp430-elf/8.2.0/430/libgcc.a
LOAD /Applications/ti/ccs910/ccs/tools/compiler/msp430-gcc-8.2.0.52_macos/bin/../lib/gcc/msp430-elf/8.2.0/../../../../msp430-elf/lib/430/libcrt.a
LOAD /Applications/ti/ccs910/ccs/tools/compiler/msp430-gcc-8.2.0.52_macos/bin/../lib/gcc/msp430-elf/8.2.0/../../../../msp430-elf/lib/430/libnosys.a
END GROUP
LOAD /Applications/ti/ccs910/ccs/tools/compiler/msp430-gcc-8.2.0.52_macos/bin/../lib/gcc/msp430-elf/8.2.0/430/libgcc.a
LOAD /Applications/ti/ccs910/ccs/tools/compiler/msp430-gcc-8.2.0.52_macos/bin/../lib/gcc/msp430-elf/8.2.0/430/crtend_no_eh.o
LOAD /Applications/ti/ccs910/ccs/tools/compiler/msp430-gcc-8.2.0.52_macos/bin/../lib/gcc/msp430-elf/8.2.0/../../../../msp430-elf/lib/430/crtn.o
LOAD /Applications/ti/ccs910/ccs/tools/compiler/msp430-gcc-8.2.0.52_macos/bin/../lib/gcc/msp430-elf/8.2.0/430/libgcc.a

.bslsignature

__interrupt_vector_1
 *(__interrupt_vector_1)
 *(__interrupt_vector_trapint)

__interrupt_vector_2
 *(__interrupt_vector_2)

__interrupt_vector_3
                0x000000000000ffe4        0x2
 *(__interrupt_vector_3)
 __interrupt_vector_3
                0x000000000000ffe4        0x2 ./main.o
 *(__interrupt_vector_port1)

__interrupt_vector_4
                0x000000000000ffe6        0x2
 *(__interrupt_vector_4)
 __interrupt_vector_4
                0x000000000000ffe6        0x2 ./main.o
 *(__interrupt_vector_port2)

__interrupt_vector_5
 *(__interrupt_vector_5)

__interrupt_vector_6
                0x000000000000ffea        0x2
 *(__interrupt_vector_6)
 __interrupt_vector_6
                0x000000000000ffea        0x2 ./main.o
 *(__interrupt_vector_adc10)

__interrupt_vector_7
                0x000000000000ffec        0x2
 *(__interrupt_vector_7)
 __interrupt_vector_7
                0x000000000000ffec        0x2 ./main.o
 *(__interrupt_vector_usciab0tx)

__interrupt_vector_8
                0x000000000000ffee        0x2
 *(__interrupt_vector_8)
 __interrupt_vector_8
                0x000000000000ffee        0x2 ./main.o
 *(__interrupt_vector_usciab0rx)

__interrupt_vector_9
                0x000000000000fff0        0x2
 *(__interrupt_vector_9)
 __interrupt_vector_9
                0x000000000000fff0        0x2 ./main.o
 *(__interrupt_vector_timer0_a1)

__interrupt_vector_10
                0x000000000000fff2        0x2
 *(__interrupt_vector_10)
 __interrupt_vector_10
                0x000000000000fff2        0x2 ./main.o
 *(__interrupt_vector_timer0_a0)

__interrupt_vector_11
                0x000000000000fff4        0x2
 *(__interrupt_vector_11)
 __interrupt_vector_11
                0x000000000000fff4        0x2 ./main.o
 *(__interrupt_vector_wdt)

__interrupt_vector_12
                0x000000000000fff6        0x2
 *(__interrupt_vector_12)
 __interrupt_vector_12
                0x000000000000fff6        0x2 ./main.o
 *(__interrupt_vector_comparatora)

__interrupt_vector_13
                0x000000000000fff8        0x2
 *(__interrupt_vector_13)
 __interrupt_vector_13
                0x000000000000fff8        0x2 ./main.o
 *(__interrupt_vector_timer1_a1)

__interrupt_vector_14
                0x000000000000fffa        0x2
 *(__interrupt_vector_14)
 __interrupt_vector_14
                0x000000000000fffa        0x2 ./main.o
 *(__interrupt_vector_timer1_a0)

__interrupt_vector_15
 *(__interrupt_vector_15)
 *(__interrupt_vector_nmi)

__reset_vector  0x000000000000fffe        0x2
 *(__interrupt_vector_16)
 *(__interrupt_vector_reset)
 *(.resetvec)
 .resetvec      0x000000000000fffe        0x2 /Applications/ti/ccs910/ccs/tools/compiler/msp430-gcc-8.2.0.52_macos/bin/../lib/gcc/msp430-elf/8.2.0/../../../../msp430-elf/lib/430/crt0.o

.rodata         0x000000000000c000      0x10e
                0x000000000000c000                . = ALIGN (0x2)
 *(.plt)
 *(.rodata .rodata.* .gnu.linkonce.r.* .const .const:*)
 .rodata.__thenan_df
                0x000000000000c000        0xe /Applications/ti/ccs910/ccs/tools/compiler/msp430-gcc-8.2.0.52_macos/bin/../lib/gcc/msp430-elf/8.2.0/430/libgcc.a(_thenan_df.o)
                0x000000000000c000                __thenan_df
 .rodata.__clz_tab
                0x000000000000c00e      0x100 /Applications/ti/ccs910/ccs/tools/compiler/msp430-gcc-8.2.0.52_macos/bin/../lib/gcc/msp430-elf/8.2.0/430/libgcc.a(_clz.o)
                0x000000000000c00e                __clz_tab
 *(.rodata1)
 *(.gcc_except_table)
 *(.gcc_except_table.*)
                [!provide]                        PROVIDE (__preinit_array_start, .)
 *(.preinit_array)
                [!provide]                        PROVIDE (__preinit_array_end, .)
                [!provide]                        PROVIDE (__init_array_start, .)
 *(SORT(.init_array.*))
 *(.init_array)
                [!provide]                        PROVIDE (__init_array_end, .)
                [!provide]                        PROVIDE (__fini_array_start, .)
 *(.fini_array)
 *(SORT(.fini_array.*))
                [!provide]                        PROVIDE (__fini_array_end, .)

.rodata2        0x000000000000c110        0x4
                0x000000000000c110                . = ALIGN (0x2)
 *(.eh_frame_hdr)
 *(.eh_frame)
 .eh_frame      0x000000000000c110        0x4 /Applications/ti/ccs910/ccs/tools/compiler/msp430-gcc-8.2.0.52_macos/bin/../lib/gcc/msp430-elf/8.2.0/430/crtend_no_eh.o
 *crtbegin*.o(.ctors)
 *(EXCLUDE_FILE(*crtend*.o) .ctors)
 *(SORT(.ctors.*))
 *(.ctors)
 *crtbegin*.o(.dtors)
 *(EXCLUDE_FILE(*crtend*.o) .dtors)
 *(SORT(.dtors.*))
 *(.dtors)

.text           0x000000000000c114     0x2606
                0x000000000000c114                . = ALIGN (0x2)
                0x000000000000c114                PROVIDE (_start, .)
 *(SORT(.crt_*))
 .crt_0000start
                0x000000000000c114        0x4 /Applications/ti/ccs910/ccs/tools/compiler/msp430-gcc-8.2.0.52_macos/bin/../lib/gcc/msp430-elf/8.2.0/../../../../msp430-elf/lib/430/crt0.o
                0x000000000000c114                __crt0_start
 .crt_0100init_bss
                0x000000000000c118        0xe /Applications/ti/ccs910/ccs/tools/compiler/msp430-gcc-8.2.0.52_macos/bin/../lib/gcc/msp430-elf/8.2.0/../../../../msp430-elf/lib/430/libcrt.a(crt_bss.o)
                0x000000000000c118                __crt0_init_bss
 .crt_0300movedata
                0x000000000000c126       0x14 /Applications/ti/ccs910/ccs/tools/compiler/msp430-gcc-8.2.0.52_macos/bin/../lib/gcc/msp430-elf/8.2.0/../../../../msp430-elf/lib/430/libcrt.a(crt_movedata.o)
                0x000000000000c126                __crt0_movedata
 .crt_0700call_init_then_main
                0x000000000000c13a        0xa /Applications/ti/ccs910/ccs/tools/compiler/msp430-gcc-8.2.0.52_macos/bin/../lib/gcc/msp430-elf/8.2.0/../../../../msp430-elf/lib/430/libcrt.a(crt_main.o)
                0x000000000000c13a                __crt0_call_init_then_main
 *(.lowtext .text .stub .text.* .gnu.linkonce.t.* .text:*)
 .text          0x000000000000c144        0x2 /Applications/ti/ccs910/ccs/tools/compiler/msp430-gcc-8.2.0.52_macos/bin/../lib/gcc/msp430-elf/8.2.0/../../../../msp430-elf/lib/430/crt0.o
                0x000000000000c144                __crt0_run_fini_array
 .text          0x000000000000c146      0x34e ./FSM.o
                0x000000000000c146                InitializeFSM
                0x000000000000c14c                NextStateFunction
                0x000000000000c28e                OutputFunction
 .text          0x000000000000c494       0x12 ./LED.o
                0x000000000000c494                InitializeLEDPortPins
 .text          0x000000000000c4a6      0x14a ./debounce.o
                0x000000000000c4a6                InitializeSwitch
                0x000000000000c4d6                ReadSwitchStatus
                0x000000000000c4fe                NextStateFunctionDebounce
                0x000000000000c576                OutputFunctionDebounce
 .text          0x000000000000c5f0      0x316 ./main.o
                0x000000000000c5f0                PORT1_ISR
                0x000000000000c5f2                PORT2_ISR
                0x000000000000c5f4                ADC10_ISR
                0x000000000000c5f6                USCIAB0TX_ISR
                0x000000000000c5f8                USCIAB0RX_ISR
                0x000000000000c5fa                TIMER0_A1_ISR
                0x000000000000c5fc                TIMER0_A0_ISR
                0x000000000000c5fe                WDT_ISR
                0x000000000000c600                COMPARATORA_ISR
                0x000000000000c602                TIMER1_A1_ISR
                0x000000000000c604                TIMER1_A0_ISR
                0x000000000000c60a                TimeDelay
                0x000000000000c638                DebounceSwitch
                0x000000000000c6b0                InitializeADC
                0x000000000000c6c2                InitializeSwitches
                0x000000000000c6e8                ConfigureClockModule
                0x000000000000c6f6                main
 .text          0x000000000000c906       0x1a ./rotaryencoder.o
                0x000000000000c906                InitializeRotaryEncoderPortPins
 .text          0x000000000000c920       0x36 ./timerA.o
                0x000000000000c920                ConfigureTimerA
 .text.__fixunsdfsi
                0x000000000000c956       0x64 /Applications/ti/ccs910/ccs/tools/compiler/msp430-gcc-8.2.0.52_macos/bin/../lib/gcc/msp430-elf/8.2.0/430/libgcc.a(_fixunsdfsi.o)
                0x000000000000c956                __mspabi_fixdul
 .text._fpadd_parts
                0x000000000000c9ba      0x5a0 /Applications/ti/ccs910/ccs/tools/compiler/msp430-gcc-8.2.0.52_macos/bin/../lib/gcc/msp430-elf/8.2.0/430/libgcc.a(_addsub_df.o)
 .text.__subdf3
                0x000000000000cf5a       0x6a /Applications/ti/ccs910/ccs/tools/compiler/msp430-gcc-8.2.0.52_macos/bin/../lib/gcc/msp430-elf/8.2.0/430/libgcc.a(_addsub_df.o)
                0x000000000000cf5a                __mspabi_subd
 .text.__muldf3
                0x000000000000cfc4      0x554 /Applications/ti/ccs910/ccs/tools/compiler/msp430-gcc-8.2.0.52_macos/bin/../lib/gcc/msp430-elf/8.2.0/430/libgcc.a(_mul_df.o)
                0x000000000000cfc4                __mspabi_mpyd
 .text.__divdf3
                0x000000000000d518      0x30c /Applications/ti/ccs910/ccs/tools/compiler/msp430-gcc-8.2.0.52_macos/bin/../lib/gcc/msp430-elf/8.2.0/430/libgcc.a(_div_df.o)
                0x000000000000d518                __mspabi_divd
 .text.__gedf2  0x000000000000d824       0x74 /Applications/ti/ccs910/ccs/tools/compiler/msp430-gcc-8.2.0.52_macos/bin/../lib/gcc/msp430-elf/8.2.0/430/libgcc.a(_ge_df.o)
                0x000000000000d824                __gedf2
 .text.__floatsidf
                0x000000000000d898       0xa2 /Applications/ti/ccs910/ccs/tools/compiler/msp430-gcc-8.2.0.52_macos/bin/../lib/gcc/msp430-elf/8.2.0/430/libgcc.a(_si_to_df.o)
                0x000000000000d898                __mspabi_fltlid
 .text.__fixdfsi
                0x000000000000d93a       0xa6 /Applications/ti/ccs910/ccs/tools/compiler/msp430-gcc-8.2.0.52_macos/bin/../lib/gcc/msp430-elf/8.2.0/430/libgcc.a(_df_to_si.o)
                0x000000000000d93a                __mspabi_fixdli
 .text.__floatunsidf
                0x000000000000d9e0       0x68 /Applications/ti/ccs910/ccs/tools/compiler/msp430-gcc-8.2.0.52_macos/bin/../lib/gcc/msp430-elf/8.2.0/430/libgcc.a(_usi_to_df.o)
                0x000000000000d9e0                __mspabi_fltuld
 .text.udivmodhi4
                0x000000000000da48       0x40 /Applications/ti/ccs910/ccs/tools/compiler/msp430-gcc-8.2.0.52_macos/bin/../lib/gcc/msp430-elf/8.2.0/430/libgcc.a(lib2divHI.o)
                0x000000000000da48                udivmodhi4
 .text.__udivhi3
                0x000000000000da88        0x8 /Applications/ti/ccs910/ccs/tools/compiler/msp430-gcc-8.2.0.52_macos/bin/../lib/gcc/msp430-elf/8.2.0/430/libgcc.a(lib2divHI.o)
                0x000000000000da88                __mspabi_divu
 .text          0x000000000000da90       0x10 /Applications/ti/ccs910/ccs/tools/compiler/msp430-gcc-8.2.0.52_macos/bin/../lib/gcc/msp430-elf/8.2.0/430/libgcc.a(epilogue.o)
                0x000000000000da90                __mspabi_func_epilog_7
                0x000000000000da92                __mspabi_func_epilog_6
                0x000000000000da94                __mspabi_func_epilog_5
                0x000000000000da96                __mspabi_func_epilog_4
                0x000000000000da98                __mspabi_func_epilog_3
                0x000000000000da9a                __mspabi_func_epilog_2
                0x000000000000da9c                __mspabi_func_epilog_1
 .text.__mspabi_sllll
                0x000000000000daa0       0x1e /Applications/ti/ccs910/ccs/tools/compiler/msp430-gcc-8.2.0.52_macos/bin/../lib/gcc/msp430-elf/8.2.0/430/libgcc.a(slli.o)
                0x000000000000daa0                __mspabi_sllll
 .text.__mspabi_srli
                0x000000000000dabe        0xc /Applications/ti/ccs910/ccs/tools/compiler/msp430-gcc-8.2.0.52_macos/bin/../lib/gcc/msp430-elf/8.2.0/430/libgcc.a(srli.o)
                0x000000000000dac4                __mspabi_srli
 .text.__mspabi_srll
                0x000000000000daca        0xe /Applications/ti/ccs910/ccs/tools/compiler/msp430-gcc-8.2.0.52_macos/bin/../lib/gcc/msp430-elf/8.2.0/430/libgcc.a(srli.o)
                0x000000000000dad2                __mspabi_srll
 .text.__mspabi_srlll
                0x000000000000dad8       0x20 /Applications/ti/ccs910/ccs/tools/compiler/msp430-gcc-8.2.0.52_macos/bin/../lib/gcc/msp430-elf/8.2.0/430/libgcc.a(srli.o)
                0x000000000000dad8                __mspabi_srlll
 .text.__clzsi2
                0x000000000000daf8       0x4c /Applications/ti/ccs910/ccs/tools/compiler/msp430-gcc-8.2.0.52_macos/bin/../lib/gcc/msp430-elf/8.2.0/430/libgcc.a(_clzsi2.o)
                0x000000000000daf8                __clzsi2
 .text.__pack_d
                0x000000000000db44      0x2e4 /Applications/ti/ccs910/ccs/tools/compiler/msp430-gcc-8.2.0.52_macos/bin/../lib/gcc/msp430-elf/8.2.0/430/libgcc.a(_pack_df.o)
                0x000000000000db44                __pack_d
 .text.__unpack_d
                0x000000000000de28      0x788 /Applications/ti/ccs910/ccs/tools/compiler/msp430-gcc-8.2.0.52_macos/bin/../lib/gcc/msp430-elf/8.2.0/430/libgcc.a(_unpack_df.o)
                0x000000000000de28                __unpack_d
 .text.__fpcmp_parts_d
                0x000000000000e5b0       0xd6 /Applications/ti/ccs910/ccs/tools/compiler/msp430-gcc-8.2.0.52_macos/bin/../lib/gcc/msp430-elf/8.2.0/430/libgcc.a(_fpcmp_parts_df.o)
                0x000000000000e5b0                __fpcmp_parts_d
 .text.memcpy   0x000000000000e686       0x1e /Applications/ti/ccs910/ccs/tools/compiler/msp430-gcc-8.2.0.52_macos/bin/../lib/gcc/msp430-elf/8.2.0/../../../../msp430-elf/lib/430/libc.a(lib_a-memcpy.o)
                0x000000000000e686                memcpy
 .text.memmove  0x000000000000e6a4       0x4e /Applications/ti/ccs910/ccs/tools/compiler/msp430-gcc-8.2.0.52_macos/bin/../lib/gcc/msp430-elf/8.2.0/../../../../msp430-elf/lib/430/libc.a(lib_a-memmove.o)
                0x000000000000e6a4                memmove
 .text.memset   0x000000000000e6f2       0x16 /Applications/ti/ccs910/ccs/tools/compiler/msp430-gcc-8.2.0.52_macos/bin/../lib/gcc/msp430-elf/8.2.0/../../../../msp430-elf/lib/430/libc.a(lib_a-memset.o)
                0x000000000000e6f2                memset
 .text          0x000000000000e708        0x2 /Applications/ti/ccs910/ccs/tools/compiler/msp430-gcc-8.2.0.52_macos/bin/../lib/gcc/msp430-elf/8.2.0/../../../../msp430-elf/lib/430/crtn.o
                0x000000000000e708                __crt0_run_preinit_array
                0x000000000000e708                __crt0_run_init_array
 *(.text.*personality*)
 *(.gnu.warning)
 *(.interp .hash .dynsym .dynstr .gnu.version*)
                [!provide]                        PROVIDE (__etext, .)
                [!provide]                        PROVIDE (_etext, .)
                [!provide]                        PROVIDE (etext, .)
                0x000000000000e70a                . = ALIGN (0x2)
 *(.init)
 .init          0x000000000000e70a        0x0 /Applications/ti/ccs910/ccs/tools/compiler/msp430-gcc-8.2.0.52_macos/bin/../lib/gcc/msp430-elf/8.2.0/../../../../msp430-elf/lib/430/crt0.o
                0x000000000000e70a                __msp430_init
 .init          0x000000000000e70a        0xa /Applications/ti/ccs910/ccs/tools/compiler/msp430-gcc-8.2.0.52_macos/bin/../lib/gcc/msp430-elf/8.2.0/../../../../msp430-elf/lib/430/crtn.o
                0x000000000000e714                __msp430_init_end
 *(.fini)
 .fini          0x000000000000e714        0x4 /Applications/ti/ccs910/ccs/tools/compiler/msp430-gcc-8.2.0.52_macos/bin/../lib/gcc/msp430-elf/8.2.0/../../../../msp430-elf/lib/430/crt0.o
                0x000000000000e714                __msp430_fini
 .fini          0x000000000000e718        0x2 /Applications/ti/ccs910/ccs/tools/compiler/msp430-gcc-8.2.0.52_macos/bin/../lib/gcc/msp430-elf/8.2.0/../../../../msp430-elf/lib/430/crtn.o
                0x000000000000e71a                __msp430_fini_end
 *(.tm_clone_table)

.data           0x0000000000000200        0xc load address 0x000000000000e71a
                0x0000000000000200                . = ALIGN (0x2)
                0x0000000000000200                PROVIDE (__datastart, .)
 *(.jcr)
 *(.data.rel.ro.local)
 *(.data.rel.ro*)
 *(.dynamic)
 *(.data .data.* .gnu.linkonce.d.*)
 .data          0x0000000000000200        0xc ./main.o
                0x0000000000000200                night_mode
                0x0000000000000202                auto_mode
                0x0000000000000204                adc_div
                0x0000000000000206                LED_step
                0x0000000000000208                LED_pwm_level
                0x000000000000020a                new_pwm_level
 *(.gnu.linkonce.d.*personality*)
 *(.data1)
 *(.got.plt)
 *(.got)
                0x000000000000020c                . = ALIGN (0x2)
 *(.sdata .sdata.* .gnu.linkonce.s.* D_2 D_1)
                0x000000000000020c                . = ALIGN (0x2)
                0x000000000000020c                _edata = .
                [!provide]                        PROVIDE (edata, .)
                [!provide]                        PROVIDE (__dataend, .)
                0x000000000000e71a                PROVIDE (__romdatastart, LOADADDR (.data))
                0x000000000000000c                PROVIDE (__romdatacopysize, SIZEOF (.data))

.bss            0x000000000000020c        0x6 load address 0x000000000000e726
                0x000000000000020c                . = ALIGN (0x2)
                0x000000000000020c                PROVIDE (__bssstart, .)
 *(.dynbss)
 *(.sbss .sbss.*)
 *(.bss .bss.* .gnu.linkonce.b.*)
                0x000000000000020c                . = ALIGN (0x2)
 *(COMMON)
 COMMON         0x000000000000020c        0x6 ./main.o
                0x000000000000020c                RotaryEncoderStateCount
                0x000000000000020e                adc
                0x0000000000000210                g1msTimer
                [!provide]                        PROVIDE (__bssend, .)
                0x0000000000000006                PROVIDE (__bsssize, SIZEOF (.bss))

.noinit         0x0000000000000212        0x0 load address 0x000000000000e726
                0x0000000000000212                . = ALIGN (0x2)
                [!provide]                        PROVIDE (__noinit_start, .)
 *(.noinit)
                0x0000000000000212                . = ALIGN (0x2)
                [!provide]                        PROVIDE (__noinit_end, .)
                0x0000000000000212                end = .

.heap           0x0000000000000212        0x4 load address 0x000000000000e726
                0x0000000000000212                . = ALIGN (0x2)
                0x0000000000000212                __heap_start__ = .
                0x0000000000000212                _end = __heap_start__
                [!provide]                        PROVIDE (end, .)
 *(.heap)
                0x0000000000000212                _end = .
                [!provide]                        PROVIDE (end, .)
                0x0000000000000212        0x4 LONG 0x0
                0x0000000000000216                __heap_end__ = .
                0x0000000000000216                __HeapLimit = __heap_end__

.stack          0x0000000000000400        0x0
                0x0000000000000400                PROVIDE (__stack, .)
 *(.stack)

.infoA

.infoB

.infoC

.infoD

.MSP430.attributes
                0x0000000000000000       0x19
 *(.MSP430.attributes)
 .MSP430.attributes
                0x0000000000000000       0x19 /Applications/ti/ccs910/ccs/tools/compiler/msp430-gcc-8.2.0.52_macos/bin/../lib/gcc/msp430-elf/8.2.0/../../../../msp430-elf/lib/430/crt0.o
 .MSP430.attributes
                0x0000000000000019       0x19 /Applications/ti/ccs910/ccs/tools/compiler/msp430-gcc-8.2.0.52_macos/bin/../lib/gcc/msp430-elf/8.2.0/430/crtbegin_no_eh.o
 .MSP430.attributes
                0x0000000000000032       0x19 ./FSM.o
 .MSP430.attributes
                0x000000000000004b       0x19 ./LED.o
 .MSP430.attributes
                0x0000000000000064       0x19 ./debounce.o
 .MSP430.attributes
                0x000000000000007d       0x19 ./main.o
 .MSP430.attributes
                0x0000000000000096       0x19 ./rotaryencoder.o
 .MSP430.attributes
                0x00000000000000af       0x19 ./timerA.o
 .MSP430.attributes
                0x00000000000000c8       0x19 /Applications/ti/ccs910/ccs/tools/compiler/msp430-gcc-8.2.0.52_macos/bin/../lib/gcc/msp430-elf/8.2.0/430/libgcc.a(_fixunsdfsi.o)
 .MSP430.attributes
                0x00000000000000e1       0x19 /Applications/ti/ccs910/ccs/tools/compiler/msp430-gcc-8.2.0.52_macos/bin/../lib/gcc/msp430-elf/8.2.0/430/libgcc.a(_addsub_df.o)
 .MSP430.attributes
                0x00000000000000fa       0x19 /Applications/ti/ccs910/ccs/tools/compiler/msp430-gcc-8.2.0.52_macos/bin/../lib/gcc/msp430-elf/8.2.0/430/libgcc.a(_mul_df.o)
 .MSP430.attributes
                0x0000000000000113       0x19 /Applications/ti/ccs910/ccs/tools/compiler/msp430-gcc-8.2.0.52_macos/bin/../lib/gcc/msp430-elf/8.2.0/430/libgcc.a(_div_df.o)
 .MSP430.attributes
                0x000000000000012c       0x19 /Applications/ti/ccs910/ccs/tools/compiler/msp430-gcc-8.2.0.52_macos/bin/../lib/gcc/msp430-elf/8.2.0/430/libgcc.a(_ge_df.o)
 .MSP430.attributes
                0x0000000000000145       0x19 /Applications/ti/ccs910/ccs/tools/compiler/msp430-gcc-8.2.0.52_macos/bin/../lib/gcc/msp430-elf/8.2.0/430/libgcc.a(_si_to_df.o)
 .MSP430.attributes
                0x000000000000015e       0x19 /Applications/ti/ccs910/ccs/tools/compiler/msp430-gcc-8.2.0.52_macos/bin/../lib/gcc/msp430-elf/8.2.0/430/libgcc.a(_df_to_si.o)
 .MSP430.attributes
                0x0000000000000177       0x19 /Applications/ti/ccs910/ccs/tools/compiler/msp430-gcc-8.2.0.52_macos/bin/../lib/gcc/msp430-elf/8.2.0/430/libgcc.a(_thenan_df.o)
 .MSP430.attributes
                0x0000000000000190       0x19 /Applications/ti/ccs910/ccs/tools/compiler/msp430-gcc-8.2.0.52_macos/bin/../lib/gcc/msp430-elf/8.2.0/430/libgcc.a(_usi_to_df.o)
 .MSP430.attributes
                0x00000000000001a9       0x19 /Applications/ti/ccs910/ccs/tools/compiler/msp430-gcc-8.2.0.52_macos/bin/../lib/gcc/msp430-elf/8.2.0/430/libgcc.a(lib2divHI.o)
 .MSP430.attributes
                0x00000000000001c2       0x19 /Applications/ti/ccs910/ccs/tools/compiler/msp430-gcc-8.2.0.52_macos/bin/../lib/gcc/msp430-elf/8.2.0/430/libgcc.a(epilogue.o)
 .MSP430.attributes
                0x00000000000001db       0x19 /Applications/ti/ccs910/ccs/tools/compiler/msp430-gcc-8.2.0.52_macos/bin/../lib/gcc/msp430-elf/8.2.0/430/libgcc.a(slli.o)
 .MSP430.attributes
                0x00000000000001f4       0x19 /Applications/ti/ccs910/ccs/tools/compiler/msp430-gcc-8.2.0.52_macos/bin/../lib/gcc/msp430-elf/8.2.0/430/libgcc.a(srli.o)
 .MSP430.attributes
                0x000000000000020d       0x19 /Applications/ti/ccs910/ccs/tools/compiler/msp430-gcc-8.2.0.52_macos/bin/../lib/gcc/msp430-elf/8.2.0/430/libgcc.a(_clzsi2.o)
 .MSP430.attributes
                0x0000000000000226       0x19 /Applications/ti/ccs910/ccs/tools/compiler/msp430-gcc-8.2.0.52_macos/bin/../lib/gcc/msp430-elf/8.2.0/430/libgcc.a(_pack_df.o)
 .MSP430.attributes
                0x000000000000023f       0x19 /Applications/ti/ccs910/ccs/tools/compiler/msp430-gcc-8.2.0.52_macos/bin/../lib/gcc/msp430-elf/8.2.0/430/libgcc.a(_unpack_df.o)
 .MSP430.attributes
                0x0000000000000258       0x19 /Applications/ti/ccs910/ccs/tools/compiler/msp430-gcc-8.2.0.52_macos/bin/../lib/gcc/msp430-elf/8.2.0/430/libgcc.a(_fpcmp_parts_df.o)
 .MSP430.attributes
                0x0000000000000271       0x19 /Applications/ti/ccs910/ccs/tools/compiler/msp430-gcc-8.2.0.52_macos/bin/../lib/gcc/msp430-elf/8.2.0/430/libgcc.a(_clz.o)
 .MSP430.attributes
                0x000000000000028a       0x19 /Applications/ti/ccs910/ccs/tools/compiler/msp430-gcc-8.2.0.52_macos/bin/../lib/gcc/msp430-elf/8.2.0/../../../../msp430-elf/lib/430/libc.a(lib_a-memcpy.o)
 .MSP430.attributes
                0x00000000000002a3       0x19 /Applications/ti/ccs910/ccs/tools/compiler/msp430-gcc-8.2.0.52_macos/bin/../lib/gcc/msp430-elf/8.2.0/../../../../msp430-elf/lib/430/libcrt.a(crt_bss.o)
 .MSP430.attributes
                0x00000000000002bc       0x19 /Applications/ti/ccs910/ccs/tools/compiler/msp430-gcc-8.2.0.52_macos/bin/../lib/gcc/msp430-elf/8.2.0/../../../../msp430-elf/lib/430/libcrt.a(crt_movedata.o)
 .MSP430.attributes
                0x00000000000002d5       0x19 /Applications/ti/ccs910/ccs/tools/compiler/msp430-gcc-8.2.0.52_macos/bin/../lib/gcc/msp430-elf/8.2.0/../../../../msp430-elf/lib/430/libcrt.a(crt_main.o)
 .MSP430.attributes
                0x00000000000002ee       0x19 /Applications/ti/ccs910/ccs/tools/compiler/msp430-gcc-8.2.0.52_macos/bin/../lib/gcc/msp430-elf/8.2.0/../../../../msp430-elf/lib/430/libc.a(lib_a-memmove.o)
 .MSP430.attributes
                0x0000000000000307       0x19 /Applications/ti/ccs910/ccs/tools/compiler/msp430-gcc-8.2.0.52_macos/bin/../lib/gcc/msp430-elf/8.2.0/../../../../msp430-elf/lib/430/libc.a(lib_a-memset.o)
 .MSP430.attributes
                0x0000000000000320       0x19 /Applications/ti/ccs910/ccs/tools/compiler/msp430-gcc-8.2.0.52_macos/bin/../lib/gcc/msp430-elf/8.2.0/430/crtend_no_eh.o
 .MSP430.attributes
                0x0000000000000339       0x19 /Applications/ti/ccs910/ccs/tools/compiler/msp430-gcc-8.2.0.52_macos/bin/../lib/gcc/msp430-elf/8.2.0/../../../../msp430-elf/lib/430/crtn.o
 *(.gnu.attributes)
 *(__TI_build_attributes)

.stab
 *(.stab)

.stabstr
 *(.stabstr)

.stab.excl
 *(.stab.excl)

.stab.exclstr
 *(.stab.exclstr)

.stab.index
 *(.stab.index)

.stab.indexstr
 *(.stab.indexstr)

.comment        0x0000000000000000       0x39
 *(.comment)
 .comment       0x0000000000000000       0x39 /Applications/ti/ccs910/ccs/tools/compiler/msp430-gcc-8.2.0.52_macos/bin/../lib/gcc/msp430-elf/8.2.0/430/crtbegin_no_eh.o
                                         0x3a (size before relaxing)
 .comment       0x0000000000000039       0x3a ./FSM.o
 .comment       0x0000000000000039       0x3a ./LED.o
 .comment       0x0000000000000039       0x3a ./debounce.o
 .comment       0x0000000000000039       0x3a ./main.o
 .comment       0x0000000000000039       0x3a ./rotaryencoder.o
 .comment       0x0000000000000039       0x3a ./timerA.o
 .comment       0x0000000000000039       0x3a /Applications/ti/ccs910/ccs/tools/compiler/msp430-gcc-8.2.0.52_macos/bin/../lib/gcc/msp430-elf/8.2.0/430/libgcc.a(_fixunsdfsi.o)
 .comment       0x0000000000000039       0x3a /Applications/ti/ccs910/ccs/tools/compiler/msp430-gcc-8.2.0.52_macos/bin/../lib/gcc/msp430-elf/8.2.0/430/libgcc.a(_addsub_df.o)
 .comment       0x0000000000000039       0x3a /Applications/ti/ccs910/ccs/tools/compiler/msp430-gcc-8.2.0.52_macos/bin/../lib/gcc/msp430-elf/8.2.0/430/libgcc.a(_mul_df.o)
 .comment       0x0000000000000039       0x3a /Applications/ti/ccs910/ccs/tools/compiler/msp430-gcc-8.2.0.52_macos/bin/../lib/gcc/msp430-elf/8.2.0/430/libgcc.a(_div_df.o)
 .comment       0x0000000000000039       0x3a /Applications/ti/ccs910/ccs/tools/compiler/msp430-gcc-8.2.0.52_macos/bin/../lib/gcc/msp430-elf/8.2.0/430/libgcc.a(_ge_df.o)
 .comment       0x0000000000000039       0x3a /Applications/ti/ccs910/ccs/tools/compiler/msp430-gcc-8.2.0.52_macos/bin/../lib/gcc/msp430-elf/8.2.0/430/libgcc.a(_si_to_df.o)
 .comment       0x0000000000000039       0x3a /Applications/ti/ccs910/ccs/tools/compiler/msp430-gcc-8.2.0.52_macos/bin/../lib/gcc/msp430-elf/8.2.0/430/libgcc.a(_df_to_si.o)
 .comment       0x0000000000000039       0x3a /Applications/ti/ccs910/ccs/tools/compiler/msp430-gcc-8.2.0.52_macos/bin/../lib/gcc/msp430-elf/8.2.0/430/libgcc.a(_thenan_df.o)
 .comment       0x0000000000000039       0x3a /Applications/ti/ccs910/ccs/tools/compiler/msp430-gcc-8.2.0.52_macos/bin/../lib/gcc/msp430-elf/8.2.0/430/libgcc.a(_usi_to_df.o)
 .comment       0x0000000000000039       0x3a /Applications/ti/ccs910/ccs/tools/compiler/msp430-gcc-8.2.0.52_macos/bin/../lib/gcc/msp430-elf/8.2.0/430/libgcc.a(lib2divHI.o)
 .comment       0x0000000000000039       0x3a /Applications/ti/ccs910/ccs/tools/compiler/msp430-gcc-8.2.0.52_macos/bin/../lib/gcc/msp430-elf/8.2.0/430/libgcc.a(_clzsi2.o)
 .comment       0x0000000000000039       0x3a /Applications/ti/ccs910/ccs/tools/compiler/msp430-gcc-8.2.0.52_macos/bin/../lib/gcc/msp430-elf/8.2.0/430/libgcc.a(_pack_df.o)
 .comment       0x0000000000000039       0x3a /Applications/ti/ccs910/ccs/tools/compiler/msp430-gcc-8.2.0.52_macos/bin/../lib/gcc/msp430-elf/8.2.0/430/libgcc.a(_unpack_df.o)
 .comment       0x0000000000000039       0x3a /Applications/ti/ccs910/ccs/tools/compiler/msp430-gcc-8.2.0.52_macos/bin/../lib/gcc/msp430-elf/8.2.0/430/libgcc.a(_fpcmp_parts_df.o)
 .comment       0x0000000000000039       0x3a /Applications/ti/ccs910/ccs/tools/compiler/msp430-gcc-8.2.0.52_macos/bin/../lib/gcc/msp430-elf/8.2.0/430/libgcc.a(_clz.o)
 .comment       0x0000000000000039       0x3a /Applications/ti/ccs910/ccs/tools/compiler/msp430-gcc-8.2.0.52_macos/bin/../lib/gcc/msp430-elf/8.2.0/../../../../msp430-elf/lib/430/libc.a(lib_a-memcpy.o)
 .comment       0x0000000000000039       0x3a /Applications/ti/ccs910/ccs/tools/compiler/msp430-gcc-8.2.0.52_macos/bin/../lib/gcc/msp430-elf/8.2.0/../../../../msp430-elf/lib/430/libc.a(lib_a-memmove.o)
 .comment       0x0000000000000039       0x3a /Applications/ti/ccs910/ccs/tools/compiler/msp430-gcc-8.2.0.52_macos/bin/../lib/gcc/msp430-elf/8.2.0/../../../../msp430-elf/lib/430/libc.a(lib_a-memset.o)
 .comment       0x0000000000000039       0x3a /Applications/ti/ccs910/ccs/tools/compiler/msp430-gcc-8.2.0.52_macos/bin/../lib/gcc/msp430-elf/8.2.0/430/crtend_no_eh.o

.debug
 *(.debug)

.line
 *(.line)

.debug_srcinfo
 *(.debug_srcinfo)

.debug_sfnames
 *(.debug_sfnames)

.debug_aranges  0x0000000000000000       0xc0
 *(.debug_aranges)
 .debug_aranges
                0x0000000000000000       0x20 ./FSM.o
 .debug_aranges
                0x0000000000000020       0x20 ./LED.o
 .debug_aranges
                0x0000000000000040       0x20 ./debounce.o
 .debug_aranges
                0x0000000000000060       0x20 ./main.o
 .debug_aranges
                0x0000000000000080       0x20 ./rotaryencoder.o
 .debug_aranges
                0x00000000000000a0       0x20 ./timerA.o

.debug_pubnames
 *(.debug_pubnames)

.debug_info     0x0000000000000000     0x2c0c
 *(.debug_info .gnu.linkonce.wi.*)
 .debug_info    0x0000000000000000      0x750 ./FSM.o
 .debug_info    0x0000000000000750      0x605 ./LED.o
 .debug_info    0x0000000000000d55      0x84c ./debounce.o
 .debug_info    0x00000000000015a1      0xa53 ./main.o
 .debug_info    0x0000000000001ff4      0x605 ./rotaryencoder.o
 .debug_info    0x00000000000025f9      0x613 ./timerA.o

.debug_abbrev   0x0000000000000000      0x591
 *(.debug_abbrev)
 .debug_abbrev  0x0000000000000000      0x13a ./FSM.o
 .debug_abbrev  0x000000000000013a       0x76 ./LED.o
 .debug_abbrev  0x00000000000001b0      0x14f ./debounce.o
 .debug_abbrev  0x00000000000002ff      0x1a6 ./main.o
 .debug_abbrev  0x00000000000004a5       0x76 ./rotaryencoder.o
 .debug_abbrev  0x000000000000051b       0x76 ./timerA.o

.debug_line     0x0000000000000000     0x13d0
 *(.debug_line .debug_line.* .debug_line_end)
 .debug_line    0x0000000000000000      0x621 ./FSM.o
 .debug_line    0x0000000000000621       0xa5 ./LED.o
 .debug_line    0x00000000000006c6      0x3ee ./debounce.o
 .debug_line    0x0000000000000ab4      0x6e7 ./main.o
 .debug_line    0x000000000000119b       0xff ./rotaryencoder.o
 .debug_line    0x000000000000129a      0x136 ./timerA.o

.debug_frame    0x0000000000000000      0x2d4
 *(.debug_frame)
 .debug_frame   0x0000000000000000       0x84 ./FSM.o
 .debug_frame   0x0000000000000084       0x24 ./LED.o
 .debug_frame   0x00000000000000a8       0x5c ./debounce.o
 .debug_frame   0x0000000000000104      0x188 ./main.o
 .debug_frame   0x000000000000028c       0x24 ./rotaryencoder.o
 .debug_frame   0x00000000000002b0       0x24 ./timerA.o

.debug_str      0x0000000000000000      0x871
 *(.debug_str)
 .debug_str     0x0000000000000000      0x4fd ./FSM.o
                                        0x52f (size before relaxing)
 .debug_str     0x00000000000004fd       0x1f ./LED.o
                                        0x43e (size before relaxing)
 .debug_str     0x000000000000051c      0x164 ./debounce.o
                                        0x5c3 (size before relaxing)
 .debug_str     0x0000000000000680      0x1a2 ./main.o
                                        0x783 (size before relaxing)
 .debug_str     0x0000000000000822       0x33 ./rotaryencoder.o
                                        0x452 (size before relaxing)
 .debug_str     0x0000000000000855       0x1c ./timerA.o
                                        0x445 (size before relaxing)

.debug_loc      0x0000000000000000      0x21b
 *(.debug_loc)
 .debug_loc     0x0000000000000000      0x139 ./FSM.o
 .debug_loc     0x0000000000000139       0x31 ./debounce.o
 .debug_loc     0x000000000000016a       0xb1 ./main.o

.debug_macinfo
 *(.debug_macinfo)

.debug_weaknames
 *(.debug_weaknames)

.debug_funcnames
 *(.debug_funcnames)

.debug_typenames
 *(.debug_typenames)

.debug_varnames
 *(.debug_varnames)

/DISCARD/
 *(.note.GNU-stack)
                [!provide]                        PROVIDE (IE1, 0x0)
                [!provide]                        PROVIDE (IFG1, 0x2)
                [!provide]                        PROVIDE (IE2, 0x1)
                [!provide]                        PROVIDE (IFG2, 0x3)
                [!provide]                        PROVIDE (ADC10DTC0, 0x48)
                [!provide]                        PROVIDE (ADC10DTC1, 0x49)
                0x000000000000004a                PROVIDE (ADC10AE0, 0x4a)
                0x00000000000001b0                PROVIDE (ADC10CTL0, 0x1b0)
                0x00000000000001b2                PROVIDE (ADC10CTL1, 0x1b2)
                0x00000000000001b4                PROVIDE (ADC10MEM, 0x1b4)
                [!provide]                        PROVIDE (ADC10SA, 0x1bc)
                0x0000000000000056                PROVIDE (DCOCTL, 0x56)
                0x0000000000000057                PROVIDE (BCSCTL1, 0x57)
                [!provide]                        PROVIDE (BCSCTL2, 0x58)
                [!provide]                        PROVIDE (BCSCTL3, 0x53)
                [!provide]                        PROVIDE (CACTL1, 0x59)
                [!provide]                        PROVIDE (CACTL2, 0x5a)
                [!provide]                        PROVIDE (CAPD, 0x5b)
                [!provide]                        PROVIDE (FCTL1, 0x128)
                [!provide]                        PROVIDE (FCTL2, 0x12a)
                [!provide]                        PROVIDE (FCTL3, 0x12c)
                0x0000000000000020                PROVIDE (P1IN, 0x20)
                0x0000000000000021                PROVIDE (P1OUT, 0x21)
                0x0000000000000022                PROVIDE (P1DIR, 0x22)
                [!provide]                        PROVIDE (P1IFG, 0x23)
                [!provide]                        PROVIDE (P1IES, 0x24)
                [!provide]                        PROVIDE (P1IE, 0x25)
                0x0000000000000026                PROVIDE (P1SEL, 0x26)
                0x0000000000000041                PROVIDE (P1SEL2, 0x41)
                0x0000000000000027                PROVIDE (P1REN, 0x27)
                0x0000000000000028                PROVIDE (P2IN, 0x28)
                0x0000000000000029                PROVIDE (P2OUT, 0x29)
                0x000000000000002a                PROVIDE (P2DIR, 0x2a)
                [!provide]                        PROVIDE (P2IFG, 0x2b)
                [!provide]                        PROVIDE (P2IES, 0x2c)
                [!provide]                        PROVIDE (P2IE, 0x2d)
                [!provide]                        PROVIDE (P2SEL, 0x2e)
                [!provide]                        PROVIDE (P2SEL2, 0x42)
                0x000000000000002f                PROVIDE (P2REN, 0x2f)
                [!provide]                        PROVIDE (P3IN, 0x18)
                [!provide]                        PROVIDE (P3OUT, 0x19)
                [!provide]                        PROVIDE (P3DIR, 0x1a)
                [!provide]                        PROVIDE (P3SEL, 0x1b)
                [!provide]                        PROVIDE (P3SEL2, 0x43)
                [!provide]                        PROVIDE (P3REN, 0x10)
                [!provide]                        PROVIDE (TA0IV, 0x12e)
                0x0000000000000160                PROVIDE (TA0CTL, 0x160)
                0x0000000000000162                PROVIDE (TA0CCTL0, 0x162)
                0x0000000000000164                PROVIDE (TA0CCTL1, 0x164)
                [!provide]                        PROVIDE (TA0CCTL2, 0x166)
                [!provide]                        PROVIDE (TA0R, 0x170)
                0x0000000000000172                PROVIDE (TA0CCR0, 0x172)
                0x0000000000000174                PROVIDE (TA0CCR1, 0x174)
                [!provide]                        PROVIDE (TA0CCR2, 0x176)
                [!provide]                        PROVIDE (TA1IV, 0x11e)
                0x0000000000000180                PROVIDE (TA1CTL, 0x180)
                [!provide]                        PROVIDE (TA1CCTL0, 0x182)
                [!provide]                        PROVIDE (TA1CCTL1, 0x184)
                [!provide]                        PROVIDE (TA1CCTL2, 0x186)
                [!provide]                        PROVIDE (TA1R, 0x190)
                0x0000000000000192                PROVIDE (TA1CCR0, 0x192)
                [!provide]                        PROVIDE (TA1CCR1, 0x194)
                [!provide]                        PROVIDE (TA1CCR2, 0x196)
                [!provide]                        PROVIDE (UCA0CTL0, 0x60)
                [!provide]                        PROVIDE (UCA0CTL1, 0x61)
                [!provide]                        PROVIDE (UCA0BR0, 0x62)
                [!provide]                        PROVIDE (UCA0BR1, 0x63)
                [!provide]                        PROVIDE (UCA0MCTL, 0x64)
                [!provide]                        PROVIDE (UCA0STAT, 0x65)
                [!provide]                        PROVIDE (UCA0RXBUF, 0x66)
                [!provide]                        PROVIDE (UCA0TXBUF, 0x67)
                [!provide]                        PROVIDE (UCA0ABCTL, 0x5d)
                [!provide]                        PROVIDE (UCA0IRTCTL, 0x5e)
                [!provide]                        PROVIDE (UCA0IRRCTL, 0x5f)
                [!provide]                        PROVIDE (UCB0CTL0, 0x68)
                [!provide]                        PROVIDE (UCB0CTL1, 0x69)
                [!provide]                        PROVIDE (UCB0BR0, 0x6a)
                [!provide]                        PROVIDE (UCB0BR1, 0x6b)
                [!provide]                        PROVIDE (UCB0I2CIE, 0x6c)
                [!provide]                        PROVIDE (UCB0STAT, 0x6d)
                [!provide]                        PROVIDE (UCB0RXBUF, 0x6e)
                [!provide]                        PROVIDE (UCB0TXBUF, 0x6f)
                [!provide]                        PROVIDE (UCB0I2COA, 0x118)
                [!provide]                        PROVIDE (UCB0I2CSA, 0x11a)
                0x0000000000000120                PROVIDE (WDTCTL, 0x120)
                0x00000000000010f8                PROVIDE (CALDCO_16MHZ, 0x10f8)
                0x00000000000010f9                PROVIDE (CALBC1_16MHZ, 0x10f9)
                [!provide]                        PROVIDE (CALDCO_12MHZ, 0x10fa)
                [!provide]                        PROVIDE (CALBC1_12MHZ, 0x10fb)
                [!provide]                        PROVIDE (CALDCO_8MHZ, 0x10fc)
                [!provide]                        PROVIDE (CALBC1_8MHZ, 0x10fd)
                [!provide]                        PROVIDE (CALDCO_1MHZ, 0x10fe)
                [!provide]                        PROVIDE (CALBC1_1MHZ, 0x10ff)
                [!provide]                        PROVIDE (TLV_CHECKSUM, 0x10c0)
                [!provide]                        PROVIDE (TLV_DCO_30_TAG, 0x10f6)
                [!provide]                        PROVIDE (TLV_DCO_30_LEN, 0x10f7)
                [!provide]                        PROVIDE (TLV_ADC10_1_TAG, 0x10da)
                [!provide]                        PROVIDE (TLV_ADC10_1_LEN, 0x10db)
OUTPUT(cpe_capstone.out elf32-msp430)
